[sanei_debug+  0.001185] Setting debug level of pieusb to 255.
[pieusb+  0.001252] sane_init() build 1
[pieusb+  0.806054] sane_init() looking for Reflecta scanner 05e3 0145 model 30
[pieusb+  0.806140] sane_init() looking for Reflecta scanner 05e3 0145 model 36
[pieusb+  0.806156] sane_init() looking for Reflecta scanner 05e3 0142 model 3a
[pieusb+  0.806175] pieusb_find_device_callback: libusb:003:002
[pieusb+  0.806821] pieusb_cmd_inquiry()
[pieusb+  0.806846] ***	pieusb_command(12:Inquiry): size 0x05
[pieusb+  0.806871] pieusb_command loop, status 8:Again
[pieusb+  0.806885] _pieusb_scsi_command(): 12:Inquiry
[pieusb+  0.844807] _pieusb_scsi_command usbstat 0x01
[pieusb+  0.844865] pieusb_scsi_command data in
In	00000000: 06 00 02 01 b4                                  ....4
[pieusb+  0.850997] _pieusb_scsi_command returned 1:Read
[pieusb+  0.852808] pieusb_command loop, status 3:Busy
[pieusb+  0.854808] pieusb_command loop, status 0:Ok
[pieusb+  0.854858] pieusb_command() finished with state 0
[pieusb+  0.854873] pieusb_cmd_inquiry()
[pieusb+  0.854886] ***	pieusb_command(12:Inquiry): size 0xb8
[pieusb+  0.854900] pieusb_command loop, status 8:Again
[pieusb+  0.854912] _pieusb_scsi_command(): 12:Inquiry
[pieusb+  0.892807] _pieusb_scsi_command usbstat 0x01
[pieusb+  0.892864] pieusb_scsi_command data in
In	00000000: 06 00 02 01 b4 00 00 00 50 49 45 20 20 20 20 20 ....4...PIE     
	00000010: 4d 53 20 53 63 61 6e 6e 65 72 00 00 00 00 00 00 MS Scanner......
	00000020: 31 2e 30 30 88 13 88 13 18 1d d5 1c 9e 35 07 00 1.00......U..5..
	00000030: 09 4b 65 02 0c 00 2c 01 00 00 00 00 00 00 00 00 .Ke...,.........
	00000040: 00 00 00 00 00 00 00 00 00 00 00 00 00 00 00 00 ................
	00000050: 00 00 00 00 00 00 00 00 00 00 00 00 00 00 00 00 ................
	00000060: 31 2e 30 32 00 64 19 01 c4 09 64 00 e7 03 47 06 1.02.d..D.d.g.G.
	00000070: 3b 17 31 1e 3a 00 00 00 50 49 45 00 32 30 31 31 ;.1.:...PIE.2011
	00000080: 2f 30 36 2f 30 38 20 31 31 3a 33 30 41 4d 00 00 /06/08 11:30AM..
	00000090: 46 6c 61 73 68 20 52 4f 4d 20 32 39 45 45 35 31 Flash ROM 29EE51
	000000a0: 32 20 0d 0a 42 59 3a 43 68 65 6e 20 54 73 75 6e 2 ..BY:Chen Tsun
	000000b0: 67 2d 59 75 20 20 00 00                         g-Yu  ..
[pieusb+  0.907868] _pieusb_scsi_command returned 1:Read
[pieusb+  0.908808] pieusb_command loop, status 3:Busy
[pieusb+  0.910809] pieusb_command loop, status 0:Ok
[pieusb+  0.910861] pieusb_command() finished with state 0
[pieusb+  0.910972] INQUIRY:
[pieusb+  0.910994] ========
[pieusb+  0.911006] 
[pieusb+  0.911018] vendor........................: 'PIE'
[pieusb+  0.911031] product.......................: 'MS Scanner'
[pieusb+  0.911043] model  .......................: 0x3a
[pieusb+  0.911055] version.......................: '1.00'
[pieusb+  0.911067] X resolution..................: 5000 dpi
[pieusb+  0.911079] Y resolution..................: 5000 dpi
[pieusb+  0.911091] pixel resolution..............: 5000 dpi
[pieusb+  0.911103] fb width......................: 1.489600 in
[pieusb+  0.911136] fb length.....................: 1.476200 in
[pieusb+  0.911150] transparency width............: 0.989600 in
[pieusb+  0.911165] transparency length...........: 1.224400 in
[pieusb+  0.911179] transparency offset...........: 999,1607
[pieusb+  0.911191] # of halftones................: 0
[pieusb+  0.911203] One pass color................: yes
[pieusb+  0.911219] Filters.......................: Infrared Red Green Blue  (9e)
[pieusb+  0.911233] Color depths..................: 16 bit 12 bit 8 bit 1 bit  (35)
[pieusb+  0.911247] Color Format..................: Indexed Line Pixel  (07)
[pieusb+  0.911260] Image Format..................: OKLine Intel (09)
[pieusb+  0.911273] Scan Capability...............: ExtCal DisCal 3 speeds (4b)
[pieusb+  0.911287] Optional Devices..............: TransModule1 ADF  (65)
[pieusb+  0.911300] Enhancement...................: 02
[pieusb+  0.911312] Gamma bits....................: 12
[pieusb+  0.911324] Fast Preview Resolution.......: 300
[pieusb+  0.911336] Min Highlight.................: 100
[pieusb+  0.911347] Max Shadow....................: 25
[pieusb+  0.911387] Cal Eqn.......................: 1
[pieusb+  0.911400] Min Exposure..................: 100
[pieusb+  0.911412] Max Exposure..................: 10000
[pieusb+  0.911424] pieusb_find_device_callback: success
[pieusb+  0.911438] sane_get_devices
[pieusb+  0.913563] sane_open(libusb:003:002)
[pieusb+  0.914916] pieusb_init_options
[pieusb+  0.914994] pieusb_wait_ready()
[pieusb+  0.915015] pieusb_cmd_test_unit_ready()
[pieusb+  0.915032] ***	pieusb_command(00:Test Unit Ready): size 0x00
[pieusb+  0.915047] pieusb_command loop, status 8:Again
[pieusb+  0.915060] _pieusb_scsi_command(): 00:Test Unit Ready
[pieusb+  0.952807] _pieusb_scsi_command usbstat 0x03
[pieusb+  0.952863] _pieusb_scsi_command returned 3:Busy
[pieusb+  1.953831] pieusb_command loop, status 0:Ok
[pieusb+  1.953890] pieusb_command() finished with state 0
[pieusb+  1.953910] pieusb_cmd_test_unit_ready() return status = Success
[pieusb+  1.953924] pieusb_wait_ready() pieusb_cmd_test_unit_ready: 0
[pieusb+  1.953946] pieusb_cmd_read_state()
[pieusb+  1.953959] ***	pieusb_command(dd:Read State): size 0x0c
[pieusb+  1.953972] pieusb_command loop, status 8:Again
[pieusb+  1.953985] _pieusb_scsi_command(): dd:Read State
[pieusb+  1.991819] _pieusb_scsi_command usbstat 0x01
[pieusb+  1.991877] pieusb_scsi_command data in
In	00000000: 00 00 00 ff f0 00 05 00 00 49 45 20             ...p....IE 
[pieusb+  1.996012] _pieusb_scsi_command returned 1:Read
[pieusb+  1.997824] pieusb_command loop, status 3:Busy
[pieusb+  2.998833] pieusb_command loop, status 0:Ok
[pieusb+  2.998892] pieusb_command() finished with state 0
[pieusb+  2.998906] pieusb_cmd_read_state(): button 0, warmingUp 0, scanning 5, busy? 0
[pieusb+  2.998920] pieusb_wait_ready() pieusb_cmd_read_state: 0
[pieusb+  2.998948] pieusb_cmd_get_shading_parms()
[pieusb+  2.998960] ***	pieusb_command(0a:Write): size 0x06
[pieusb+  2.998974] pieusb_command loop, status 8:Again
[pieusb+  2.998987] _pieusb_scsi_command(): 0a:Write
[pieusb+  3.036831] _pieusb_scsi_command usbstat 0x00
Out	00000000: 95 00 00 00 00 00                               ......
[pieusb+  3.048831] _pieusb_scsi_command returned 3:Busy
[pieusb+  3.050846] pieusb_command loop, status 3:Busy
[pieusb+  3.052832] pieusb_command loop, status 0:Ok
[pieusb+  3.052882] pieusb_command() finished with state 0
[pieusb+  3.052896] ***	pieusb_command(08:Read): size 0x20
[pieusb+  3.052909] pieusb_command loop, status 8:Again
[pieusb+  3.052922] _pieusb_scsi_command(): 08:Read
[pieusb+  3.090833] _pieusb_scsi_command usbstat 0x01
[pieusb+  3.090889] pieusb_scsi_command data in
In	00000000: 95 00 1c 00 04 06 04 00 00 10 10 14 1a 1d 08 10 ................
	00000010: 10 14 1a 1d 10 10 10 14 1a 1d 20 10 10 14 1a 1d .......... .....
[pieusb+  3.095217] _pieusb_scsi_command returned 1:Read
[pieusb+  3.096813] pieusb_command loop, status 3:Busy
[pieusb+  3.098832] pieusb_command loop, status 0:Ok
[pieusb+  3.098885] pieusb_command() finished with state 0
[pieusb+  3.099284] sane_get_option_descriptor() option=0
[pieusb+  3.099304] sane_control_option()
[pieusb+  3.099323] get  [#0]
[pieusb+  3.099336] get  [#0] val=32
[pieusb+  3.099361] sane_get_option_descriptor() option=0
[pieusb+  3.099374] sane_control_option()
[pieusb+  3.099386] get  [#0]
[pieusb+  3.099398] get  [#0] val=32
[pieusb+  3.099411] sane_get_option_descriptor() option=1
[pieusb+  3.099424] sane_get_option_descriptor() option=2
[pieusb+  3.099436] sane_get_option_descriptor() option=3
[pieusb+  3.099448] sane_get_option_descriptor() option=4
[pieusb+  3.099465] sane_get_option_descriptor() option=5
[pieusb+  3.099478] sane_get_option_descriptor() option=6
[pieusb+  3.099490] sane_get_option_descriptor() option=7
[pieusb+  3.099502] sane_get_option_descriptor() option=8
[pieusb+  3.099514] sane_get_option_descriptor() option=9
[pieusb+  3.099526] sane_get_option_descriptor() option=10
[pieusb+  3.099538] sane_get_option_descriptor() option=11
[pieusb+  3.099550] sane_get_option_descriptor() option=12
[pieusb+  3.099563] sane_get_option_descriptor() option=13
[pieusb+  3.099597] sane_get_option_descriptor() option=14
[pieusb+  3.099612] sane_get_option_descriptor() option=15
[pieusb+  3.099624] sane_get_option_descriptor() option=16
[pieusb+  3.099636] sane_get_option_descriptor() option=17
[pieusb+  3.099649] sane_get_option_descriptor() option=18
[pieusb+  3.099661] sane_get_option_descriptor() option=19
[pieusb+  3.099673] sane_get_option_descriptor() option=20
[pieusb+  3.099685] sane_get_option_descriptor() option=21
[pieusb+  3.099697] sane_get_option_descriptor() option=22
[pieusb+  3.099709] sane_get_option_descriptor() option=23
[pieusb+  3.099721] sane_get_option_descriptor() option=24
[pieusb+  3.099733] sane_get_option_descriptor() option=25
[pieusb+  3.099759] sane_get_option_descriptor() option=26
[pieusb+  3.099771] sane_get_option_descriptor() option=27
[pieusb+  3.099783] sane_get_option_descriptor() option=28
[pieusb+  3.099795] sane_get_option_descriptor() option=29
[pieusb+  3.099807] sane_get_option_descriptor() option=30
[pieusb+  3.099818] sane_get_option_descriptor() option=31
[pieusb+  3.099831] sane_control_option()
[pieusb+  3.099843] get br-x [#14]
[pieusb+  3.099855] get br-x [#14] val=2479609
[pieusb+  3.099868] sane_control_option()
[pieusb+  3.099879] get tl-x [#12]
[pieusb+  3.099891] get tl-x [#12] val=0
[pieusb+  3.099904] sane_control_option()
[pieusb+  3.099915] get br-y [#15]
[pieusb+  3.099927] get br-y [#15] val=2457303
[pieusb+  3.099940] sane_control_option()
[pieusb+  3.099951] get tl-y [#13]
[pieusb+  3.099963] get tl-y [#13] val=0
[pieusb+  3.099992] sane_get_option_descriptor() option=4
[pieusb+  3.100034] sane_get_option_descriptor() option=4
[pieusb+  3.100048] sane_control_option()
[pieusb+  3.100059] set resolution [#4] to 1000.000000
[pieusb+  3.100099] sane_control_option()
[pieusb+  3.100112] get tl-x [#12]
[pieusb+  3.100124] get tl-x [#12] val=0
[pieusb+  3.100136] sane_get_option_descriptor() option=14
[pieusb+  3.100149] sane_control_option()
[pieusb+  3.100160] set br-x [#14] to 37.835831
[pieusb+  3.100178] sane_control_option()
[pieusb+  3.100189] get tl-y [#13]
[pieusb+  3.100201] get tl-y [#13] val=0
[pieusb+  3.100214] sane_get_option_descriptor() option=15
[pieusb+  3.100226] sane_control_option()
[pieusb+  3.100237] set br-y [#15] to 37.495468
[pieusb+  3.100285] sane_start()
[pieusb+  3.100300] pieusb_cmd_read_state()
[pieusb+  3.100312] ***	pieusb_command(dd:Read State): size 0x0c
[pieusb+  3.100326] pieusb_command loop, status 8:Again
[pieusb+  3.100339] _pieusb_scsi_command(): dd:Read State
[pieusb+  3.136832] _pieusb_scsi_command usbstat 0x01
[pieusb+  3.136886] pieusb_scsi_command data in
In	00000000: 00 00 00 ff f0 00 05 00 00 10 10 14             ...p.......
[pieusb+  3.141023] _pieusb_scsi_command returned 1:Read
[pieusb+  3.142853] pieusb_command loop, status 3:Busy
[pieusb+  4.143845] pieusb_command loop, status 0:Ok
[pieusb+  4.143902] pieusb_command() finished with state 0
[pieusb+  4.143915] pieusb_cmd_read_state(): button 0, warmingUp 0, scanning 5, busy? 0
[pieusb+  4.143941] pieusb_cmd_set_exposure_time()
[pieusb+  4.143954] ***	pieusb_command(0a:Write): size 0x08
[pieusb+  4.143967] pieusb_command loop, status 8:Again
[pieusb+  4.143980] _pieusb_scsi_command(): 0a:Write
[pieusb+  4.181848] _pieusb_scsi_command usbstat 0x00
Out	00000000: 13 00 04 00 02 00 64 00                         ......d.
[pieusb+  4.197848] _pieusb_scsi_command returned 3:Busy
[pieusb+  4.199845] pieusb_command loop, status 3:Busy
[pieusb+  4.201850] pieusb_command loop, status 0:Ok
[pieusb+  4.201903] pieusb_command() finished with state 0
[pieusb+  4.201916] ***	pieusb_command(0a:Write): size 0x08
[pieusb+  4.201929] pieusb_command loop, status 8:Again
[pieusb+  4.201942] _pieusb_scsi_command(): 0a:Write
[pieusb+  4.239846] _pieusb_scsi_command usbstat 0x00
Out	00000000: 13 00 04 00 04 00 64 00                         ......d.
[pieusb+  4.255862] _pieusb_scsi_command returned 3:Busy
[pieusb+  4.257850] pieusb_command loop, status 3:Busy
[pieusb+  4.259856] pieusb_command loop, status 0:Ok
[pieusb+  4.259912] pieusb_command() finished with state 0
[pieusb+  4.259955] ***	pieusb_command(0a:Write): size 0x08
[pieusb+  4.259969] pieusb_command loop, status 8:Again
[pieusb+  4.259982] _pieusb_scsi_command(): 0a:Write
[pieusb+  4.297851] _pieusb_scsi_command usbstat 0x00
Out	00000000: 13 00 04 00 08 00 64 00                         ......d.
[pieusb+  4.313877] _pieusb_scsi_command returned 3:Busy
[pieusb+  4.315841] pieusb_command loop, status 3:Busy
[pieusb+  4.317864] pieusb_command loop, status 0:Ok
[pieusb+  4.317922] pieusb_command() finished with state 0
[pieusb+  4.317949] pieusb_cmd_set_highlight_shadow()
[pieusb+  4.317962] ***	pieusb_command(0a:Write): size 0x08
[pieusb+  4.317976] pieusb_command loop, status 8:Again
[pieusb+  4.317988] _pieusb_scsi_command(): 0a:Write
[pieusb+  4.355844] _pieusb_scsi_command usbstat 0x00
Out	00000000: 14 00 04 00 02 00 64 00                         ......d.
[pieusb+  4.371856] _pieusb_scsi_command returned 3:Busy
[pieusb+  4.373887] pieusb_command loop, status 3:Busy
[pieusb+  4.375856] pieusb_command loop, status 0:Ok
[pieusb+  4.375931] pieusb_command() finished with state 0
[pieusb+  4.375954] ***	pieusb_command(0a:Write): size 0x08
[pieusb+  4.375972] pieusb_command loop, status 8:Again
[pieusb+  4.375989] _pieusb_scsi_command(): 0a:Write
[pieusb+  4.413879] _pieusb_scsi_command usbstat 0x00
Out	00000000: 14 00 04 00 04 00 64 00                         ......d.
[pieusb+  4.429878] _pieusb_scsi_command returned 3:Busy
[pieusb+  4.431851] pieusb_command loop, status 3:Busy
[pieusb+  4.433831] pieusb_command loop, status 0:Ok
[pieusb+  4.433905] pieusb_command() finished with state 0
[pieusb+  4.433925] ***	pieusb_command(0a:Write): size 0x08
[pieusb+  4.433943] pieusb_command loop, status 8:Again
[pieusb+  4.433959] _pieusb_scsi_command(): 0a:Write
[pieusb+  4.471880] _pieusb_scsi_command usbstat 0x00
Out	00000000: 14 00 04 00 08 00 64 00                         ......d.
[pieusb+  4.487844] _pieusb_scsi_command returned 3:Busy
[pieusb+  4.489848] pieusb_command loop, status 3:Busy
[pieusb+  4.491830] pieusb_command loop, status 0:Ok
[pieusb+  4.491909] pieusb_command() finished with state 0
[pieusb+  4.491946] Num options = 32
[pieusb+  4.491965]   Option 1: Scan Mode = (null)
[pieusb+  4.491982]   Option 2: mode = Color
[pieusb+  4.491999]   Option 3: depth = 8
[pieusb+  4.492016]   Option 4: resolution = 1000.000000
[pieusb+  4.492061]   Option 5: halftone-pattern = 4x4 SQUARE
[pieusb+  4.492080]   Option 6: threshold = 50.000000
[pieusb+  4.492102]   Option 7: sharpen = 1
[pieusb+  4.492118]   Option 8: shading-analysis = 0
[pieusb+  4.492135]   Option 9: fast-infrared = 0
[pieusb+  4.492152]   Option 10: calibration = from internal test
[pieusb+  4.492167]   Option 11: Geometry = (null)
[pieusb+  4.492184]   Option 12: tl-x = 0.000000
[pieusb+  4.492202]   Option 13: tl-y = 0.000000
[pieusb+  4.492221]   Option 14: br-x = 37.835831
[pieusb+  4.492243]   Option 15: br-y = 37.495468
[pieusb+  4.492264]   Option 16: Enhancement = (null)
[pieusb+  4.492284]   Option 17: correct-shading = 1
[pieusb+  4.492301]   Option 18: correct-infrared = 0
[pieusb+  4.492319]   Option 19: clean-image = 0
[pieusb+  4.492337]   Option 20: gain-adjust = * 1.0
[pieusb+  4.492354]   Option 21: crop = Inside
[pieusb+  4.492371]   Option 22: smooth = 0
[pieusb+  4.492388]   Option 23: srgb = 0
[pieusb+  4.492405]   Option 24: invert = 0
[pieusb+  4.492422]   Option 25: Advanced = (null)
[pieusb+  4.492439]   Option 26: preview = 0
[pieusb+  4.492455]   Option 27: save-shading-data = 0
[pieusb+  4.492472]   Option 28: save-ccdmask = 0
[pieusb+  4.492489]   Option 29: exposure-time = [2937,2937,2937,2937]
[pieusb+  4.492508]   Option 30: gain = [19,19,19,19]
[pieusb+  4.492526]   Option 31: offset = [0,0,0,0]
[pieusb+  4.492550] pieusb_cmd_17(1)
[pieusb+  4.492575] ***	pieusb_command(0a:Write): size 0x06
[pieusb+  4.492595] pieusb_command loop, status 8:Again
[pieusb+  4.492613] _pieusb_scsi_command(): 0a:Write
[pieusb+  4.529805] _pieusb_scsi_command usbstat 0x00
Out	00000000: 17 00 02 00 01 00                               ......
[pieusb+  4.541870] _pieusb_scsi_command returned 3:Busy
[pieusb+  4.543866] pieusb_command loop, status 3:Busy
[pieusb+  4.545844] pieusb_command loop, status 0:Ok
[pieusb+  4.545918] pieusb_command() finished with state 0
[pieusb+  4.545939] pieusb_wait_ready()
[pieusb+  4.545957] pieusb_cmd_test_unit_ready()
[pieusb+  4.545980] ***	pieusb_command(00:Test Unit Ready): size 0x00
[pieusb+  4.545997] pieusb_command loop, status 8:Again
[pieusb+  4.546013] _pieusb_scsi_command(): 00:Test Unit Ready
[pieusb+  4.546031] _pieusb_scsi_command can't prep scsi cmd: 4
[pieusb+  4.546047] _pieusb_scsi_command returned 255:Error
[pieusb+  4.546065] pieusb_command() finished with state 9
[pieusb+  4.546081] pieusb_cmd_test_unit_ready() return status = Error during device I/O
[pieusb+  4.546098] pieusb_wait_ready() pieusb_cmd_test_unit_ready: 9
[pieusb+  4.546133] pieusb_cmd_set_scan_frame()
[pieusb+  4.546160]  x0,y0 = 0,0
[pieusb+  4.546177]  x1,y1 = 7447,7380
[pieusb+  4.546193]  index = 128
[pieusb+  4.546209] ***	pieusb_command(0a:Write): size 0x0e
[pieusb+  4.546225] pieusb_command loop, status 8:Again
[pieusb+  4.546242] _pieusb_scsi_command(): 0a:Write
[pieusb+  4.583853] _pieusb_scsi_command usbstat 0x00
Out	00000000: 12 00 0a 00 80 00 00 00 00 00 17 1d d4 1c       ............T.
[pieusb+  4.611823] _pieusb_scsi_command returned 3:Busy
[pieusb+  4.613805] pieusb_command loop, status 3:Busy
[pieusb+  4.615819] pieusb_command loop, status 0:Ok
[pieusb+  4.615860] pieusb_command() finished with state 0
[pieusb+  4.615867] pieusb_set_frame_from_options(): pieusb_cmd_set_scan_frame status Success
[pieusb+  4.615881] pieusb_set_gain_offset(): mode = default values
[pieusb+  4.615887] pieusb_set_gain_offset(): get calibration data from defaults
[pieusb+  4.615902] pieusb_cmd_set_gain_offset()
[pieusb+  4.615907] pieusb_cmd_set_gain_offset() set:
[pieusb+  4.615912]  exposure times = 2937-2937-2937-2937
[pieusb+  4.615918]  gain = 19-19-19-19
[pieusb+  4.615923]  offset = 0-0-0-0
[pieusb+  4.615928]  light = 04
[pieusb+  4.615933]  double times = 00
[pieusb+  4.615937]  extra entries = 01
[pieusb+  4.615943] ***	pieusb_command(dc:Write Gain Offset): size 0x1d
[pieusb+  4.615947] pieusb_command loop, status 8:Again
[pieusb+  4.615952] _pieusb_scsi_command(): dc:Write Gain Offset
[pieusb+  4.653842] _pieusb_scsi_command usbstat 0x00
Out	00000000: 79 0b 79 0b 79 0b 00 00 00 00 00 00 13 13 13 04 y.y.y...........
	00000010: 01 00 79 0b 00 00 13 00 00 00 00 00 00          ..y..........
[pieusb+  4.711849] _pieusb_scsi_command returned 3:Busy
[pieusb+  4.713870] pieusb_command loop, status 3:Busy
[pieusb+  4.715854] pieusb_command loop, status 0:Ok
[pieusb+  4.715925] pieusb_command() finished with state 0
[pieusb+  4.715949] pieusb_set_gain_offset(): status Success
[pieusb+  4.715966] pieusb_wait_ready()
[pieusb+  4.715982] pieusb_cmd_test_unit_ready()
[pieusb+  4.715997] ***	pieusb_command(00:Test Unit Ready): size 0x00
[pieusb+  4.716014] pieusb_command loop, status 8:Again
[pieusb+  4.716030] _pieusb_scsi_command(): 00:Test Unit Ready
[pieusb+  4.753858] _pieusb_scsi_command usbstat 0x03
[pieusb+  4.753942] _pieusb_scsi_command returned 3:Busy
[pieusb+  5.754890] pieusb_command loop, status 0:Ok
[pieusb+  5.754962] pieusb_command() finished with state 0
[pieusb+  5.754982] pieusb_cmd_test_unit_ready() return status = Success
[pieusb+  5.754998] pieusb_wait_ready() pieusb_cmd_test_unit_ready: 0
[pieusb+  5.755019] pieusb_cmd_read_state()
[pieusb+  5.755035] ***	pieusb_command(dd:Read State): size 0x0c
[pieusb+  5.755052] pieusb_command loop, status 8:Again
[pieusb+  5.755068] _pieusb_scsi_command(): dd:Read State
[pieusb+  5.792861] _pieusb_scsi_command usbstat 0x01
[pieusb+  5.792940] pieusb_scsi_command data in
In	00000000: 00 00 00 ff f0 00 05 00 00 00 00 00             ...p.......
[pieusb+  5.797045] _pieusb_scsi_command returned 1:Read
[pieusb+  5.798848] pieusb_command loop, status 3:Busy
[pieusb+  6.799891] pieusb_command loop, status 0:Ok
[pieusb+  6.799971] pieusb_command() finished with state 0
[pieusb+  6.799991] pieusb_cmd_read_state(): button 0, warmingUp 0, scanning 5, busy? 0
[pieusb+  6.800042] pieusb_wait_ready() pieusb_cmd_read_state: 0
[pieusb+  6.800078] pieusb_set_mode_from_options(): resolution from option setting (1000)
[pieusb+  6.800101] pieusb_cmd_set_mode()
[pieusb+  6.800117] pieusb_cmd_set_mode() set:
[pieusb+  6.800133]  resolution = 1000
[pieusb+  6.800158]  passes = 80
[pieusb+  6.800176]  depth = 04
[pieusb+  6.800194]  color format = 04
[pieusb+  6.800213]  sharpen = 1
[pieusb+  6.800233]  skip calibration = 1
[pieusb+  6.800250]  fast infrared = 0
[pieusb+  6.800268]  halftone pattern = 0
[pieusb+  6.800284]  line threshold = 127
[pieusb+  6.800305] ***	pieusb_command(15:Mode Select): size 0x10
[pieusb+  6.800325] pieusb_command loop, status 8:Again
[pieusb+  6.800342] _pieusb_scsi_command(): 15:Mode Select
[pieusb+  6.837862] _pieusb_scsi_command usbstat 0x00
Out	00000000: 00 0f e8 03 80 04 04 00 01 0a 00 00 00 7f 00 00 ..h............
[pieusb+  6.869857] _pieusb_scsi_command returned 3:Busy
[pieusb+  6.871882] pieusb_command loop, status 3:Busy
[pieusb+  6.873882] pieusb_command loop, status 0:Ok
[pieusb+  6.873955] pieusb_command() finished with state 0
[pieusb+  6.873975] pieusb_wait_ready()
[pieusb+  6.873992] pieusb_cmd_test_unit_ready()
[pieusb+  6.874009] ***	pieusb_command(00:Test Unit Ready): size 0x00
[pieusb+  6.874032] pieusb_command loop, status 8:Again
[pieusb+  6.874049] _pieusb_scsi_command(): 00:Test Unit Ready
[pieusb+  6.911877] _pieusb_scsi_command usbstat 0x03
[pieusb+  6.911955] _pieusb_scsi_command returned 3:Busy
[pieusb+  7.912911] pieusb_command loop, status 0:Ok
[pieusb+  7.912983] pieusb_command() finished with state 0
[pieusb+  7.913003] pieusb_cmd_test_unit_ready() return status = Success
[pieusb+  7.913021] pieusb_wait_ready() pieusb_cmd_test_unit_ready: 0
[pieusb+  7.913039] pieusb_cmd_read_state()
[pieusb+  7.913060] ***	pieusb_command(dd:Read State): size 0x0c
[pieusb+  7.913079] pieusb_command loop, status 8:Again
[pieusb+  7.913095] _pieusb_scsi_command(): dd:Read State
[pieusb+  7.950902] _pieusb_scsi_command usbstat 0x01
[pieusb+  7.950987] pieusb_scsi_command data in
In	00000000: 00 00 00 ff f0 00 05 00 00 0a 00 00             ...p.......
[pieusb+  7.955233] _pieusb_scsi_command returned 1:Read
[pieusb+  7.956904] pieusb_command loop, status 3:Busy
[pieusb+  8.957922] pieusb_command loop, status 0:Ok
[pieusb+  8.957991] pieusb_command() finished with state 0
[pieusb+  8.958010] pieusb_cmd_read_state(): button 0, warmingUp 0, scanning 5, busy? 0
[pieusb+  8.958028] pieusb_wait_ready() pieusb_cmd_read_state: 0
[pieusb+  8.958050] pieusb_set_mode_from_options(): pieusb_cmd_set_mode status Success
[pieusb+  8.958076] pieusb_cmd_slide(0x10)
[pieusb+  8.958095] ***	pieusb_command(d1:Slide): size 0x04
[pieusb+  8.958113] pieusb_command loop, status 8:Again
[pieusb+  8.958130] _pieusb_scsi_command(): d1:Slide
[pieusb+  8.995897] _pieusb_scsi_command usbstat 0x00
Out	00000000: 10 01 00 7c                                     ...|
[pieusb+  9.003907] _pieusb_scsi_command returned 3:Busy
[pieusb+  9.005923] pieusb_command loop, status 3:Busy
[pieusb+  9.007929] pieusb_command loop, status 0:Ok
[pieusb+  9.008020] pieusb_command() finished with state 0
[pieusb+  9.008042] pieusb_wait_ready()
[pieusb+  9.008059] pieusb_cmd_test_unit_ready()
[pieusb+  9.008075] ***	pieusb_command(00:Test Unit Ready): size 0x00
[pieusb+  9.008093] pieusb_command loop, status 8:Again
[pieusb+  9.008108] _pieusb_scsi_command(): 00:Test Unit Ready
[pieusb+  9.045918] _pieusb_scsi_command usbstat 0x03
[pieusb+  9.046009] _pieusb_scsi_command returned 3:Busy
[pieusb+ 10.046929] pieusb_command loop, status 0:Ok
[pieusb+ 10.047001] pieusb_command() finished with state 0
[pieusb+ 10.047020] pieusb_cmd_test_unit_ready() return status = Success
[pieusb+ 10.047038] pieusb_wait_ready() pieusb_cmd_test_unit_ready: 0
[pieusb+ 10.047060] pieusb_cmd_read_state()
[pieusb+ 10.047077] ***	pieusb_command(dd:Read State): size 0x0c
[pieusb+ 10.047094] pieusb_command loop, status 8:Again
[pieusb+ 10.047111] _pieusb_scsi_command(): dd:Read State
[pieusb+ 10.084929] _pieusb_scsi_command usbstat 0x01
[pieusb+ 10.085026] pieusb_scsi_command data in
In	00000000: 00 00 00 ff f0 00 05 00 00 0a 00 00             ...p.......
[pieusb+ 10.089240] _pieusb_scsi_command returned 1:Read
[pieusb+ 10.090922] pieusb_command loop, status 3:Busy
[pieusb+ 11.091944] pieusb_command loop, status 0:Ok
[pieusb+ 11.092021] pieusb_command() finished with state 0
[pieusb+ 11.092041] pieusb_cmd_read_state(): button 0, warmingUp 0, scanning 5, busy? 0
[pieusb+ 11.092059] pieusb_wait_ready() pieusb_cmd_read_state: 0
[pieusb+ 11.092088] pieusb_cmd_start_scan()
[pieusb+ 11.092111] ***	pieusb_command(1b:Scan): size 0x00
[pieusb+ 11.092128] pieusb_command loop, status 8:Again
[pieusb+ 11.092144] _pieusb_scsi_command(): 1b:Scan
[pieusb+ 11.129914] _pieusb_scsi_command usbstat 0x03
[pieusb+ 11.129998] _pieusb_scsi_command returned 3:Busy
[pieusb+ 11.131934] pieusb_command loop, status 2:Check
[pieusb+ 11.132031] pieusb_cmd_get_sense()
[pieusb+ 11.132049] ***	pieusb_command(03:Request Sense): size 0x0e
[pieusb+ 11.132068] pieusb_command loop, status 8:Again
[pieusb+ 11.132084] _pieusb_scsi_command(): 03:Request Sense
[pieusb+ 11.169927] _pieusb_scsi_command usbstat 0x01
[pieusb+ 11.170009] pieusb_scsi_command data in
In	00000000: 70 00 06 00 00 00 00 06 00 00 00 00 82 00       p.............
[pieusb+ 11.174193] _pieusb_scsi_command returned 1:Read
[pieusb+ 11.175927] pieusb_command loop, status 3:Busy
[pieusb+ 11.177917] pieusb_command loop, status 0:Ok
[pieusb+ 11.177998] pieusb_command() finished with state 0
[pieusb+ 11.178047] pieusb_command(): CHECK CONDITION: Unit Attention: SCAN entering Calibration phase (vs)
[pieusb+ 11.178068] pieusb_command() finished with state 12
[pieusb+ 11.178084] pieusb_wait_ready()
[pieusb+ 11.178101] pieusb_cmd_test_unit_ready()
[pieusb+ 11.178120] ***	pieusb_command(00:Test Unit Ready): size 0x00
[pieusb+ 11.178139] pieusb_command loop, status 8:Again
[pieusb+ 11.178155] _pieusb_scsi_command(): 00:Test Unit Ready
[pieusb+ 11.215933] _pieusb_scsi_command usbstat 0x03
[pieusb+ 11.216015] _pieusb_scsi_command returned 3:Busy
[pieusb+ 12.216957] pieusb_command loop, status 8:Again
[pieusb+ 12.217071] _pieusb_scsi_command(): 00:Test Unit Ready
[pieusb+ 12.254951] _pieusb_scsi_command usbstat 0x03
[pieusb+ 12.255044] _pieusb_scsi_command returned 3:Busy
[pieusb+ 13.255969] pieusb_command loop, status 8:Again
[pieusb+ 13.256048] _pieusb_scsi_command(): 00:Test Unit Ready
[pieusb+ 13.293909] _pieusb_scsi_command usbstat 0x03
[pieusb+ 13.293961] _pieusb_scsi_command returned 3:Busy
[pieusb+ 14.294982] pieusb_command loop, status 8:Again
[pieusb+ 14.295060] _pieusb_scsi_command(): 00:Test Unit Ready
[pieusb+ 24.322103] _pieusb_scsi_command fails command out, after 1 bytes: 4
[pieusb+ 24.322195] _pieusb_scsi_command returned 255:Error
[pieusb+ 24.322215] pieusb_command() finished with state 9
[pieusb+ 24.322232] pieusb_cmd_test_unit_ready() return status = Error during device I/O
[pieusb+ 24.322249] pieusb_wait_ready() pieusb_cmd_test_unit_ready: 9
[pieusb+ 24.322271] sane_start: scanner not ready 9
scanimage: sane_start: Error during device I/O
[pieusb+ 24.322352] sane_cancel
[pieusb+ 24.322398] sane_close()
[pieusb+ 24.322423] pieusb_on_cancel()
[pieusb+ 24.322444] pieusb_cmd_stop_scan()
[pieusb+ 24.322460] ***	pieusb_command(1b:Scan): size 0x00
[pieusb+ 24.322479] pieusb_command loop, status 8:Again
[pieusb+ 24.322496] _pieusb_scsi_command(): 1b:Scan
[pieusb+ 34.440217] _pieusb_scsi_command fails status after command out: 4
[pieusb+ 34.440303] _pieusb_scsi_command returned 255:Error
[pieusb+ 34.440325] pieusb_command() finished with state 9
[pieusb+ 34.440361] cmdSetScanHead()
[pieusb+ 34.440390] ***	pieusb_command(d2:Set Scan Head): size 0x04
[pieusb+ 34.440411] pieusb_command loop, status 8:Again
[pieusb+ 34.440431] _pieusb_scsi_command(): d2:Set Scan Head
[pieusb+ 44.441313] _pieusb_scsi_command can't prep scsi cmd: 4
[pieusb+ 44.441398] _pieusb_scsi_command returned 255:Error
[pieusb+ 44.441423] pieusb_command() finished with state 9
[pieusb+ 44.441521] pieusb: Read buffer deleted
